Copyright 1986-2022 Xilinx, Inc. All Rights Reserved. Copyright 2022-2024 Advanced Micro Devices, Inc. All Rights Reserved.
---------------------------------------------------------------------------------------------------------------------------------------------
| Tool Version : Vivado v.2024.1 (lin64) Build 5076996 Wed May 22 18:36:09 MDT 2024
| Date         : Thu Aug 13 12:41:34 2026
| Host         : EQI07362 running 64-bit Ubuntu 22.04.5 LTS
| Command      : report_timing -nworst 1 -delay_type max -sort_by group -file reports_cva6_fpga_synth/cva6_fpga.timing.rpt
| Design       : cva6_zybo_z7_20
| Device       : 7z020-clg400
| Speed File   : -1  PRODUCTION 1.12 2019-11-22
| Design State : Synthesized
---------------------------------------------------------------------------------------------------------------------------------------------

Timing Report

Slack (VIOLATED) :        -0.069ns  (required time - arrival time)
  Source:                 i_ariane/i_cva6/issue_stage_i/i_issue_read_operands/cvxif_valid_q_reg/C
                            (rising edge-triggered cell FDCE clocked by clk_out1_xlnx_clk_gen  {rise@0.000ns fall@10.000ns period=20.000ns})
  Destination:            i_ariane/i_cva6/ex_stage_i/vaddr_to_be_flushed_reg[31]/D
                            (rising edge-triggered cell FDCE clocked by clk_out1_xlnx_clk_gen  {rise@0.000ns fall@10.000ns period=20.000ns})
  Path Group:             clk_out1_xlnx_clk_gen
  Path Type:              Setup (Max at Slow Process Corner)
  Requirement:            20.000ns  (clk_out1_xlnx_clk_gen rise@20.000ns - clk_out1_xlnx_clk_gen rise@0.000ns)
  Data Path Delay:        19.889ns  (logic 7.428ns (37.347%)  route 12.461ns (62.653%))
  Logic Levels:           27  (CARRY4=11 LUT2=1 LUT3=6 LUT4=2 LUT5=2 LUT6=5)
  Clock Path Skew:        -0.145ns (DCD - SCD + CPR)
    Destination Clock Delay (DCD):    -2.245ns = ( 17.755 - 20.000 ) 
    Source Clock Delay      (SCD):    -1.569ns
    Clock Pessimism Removal (CPR):    0.531ns
  Clock Uncertainty:      0.079ns  ((TSJ^2 + DJ^2)^1/2) / 2 + PE
    Total System Jitter     (TSJ):    0.071ns
    Discrete Jitter          (DJ):    0.142ns
    Phase Error              (PE):    0.000ns

    Location             Delay type                Incr(ns)  Path(ns)    Netlist Resource(s)
  -------------------------------------------------------------------    -------------------
                         (clock clk_out1_xlnx_clk_gen rise edge)
                                                      0.000     0.000 r  
    K17                                               0.000     0.000 r  clk_sys (IN)
                         net (fo=0)                   0.000     0.000    i_xlnx_clk_gen/inst/clk_in1
    K17                  IBUF (Prop_ibuf_I_O)         1.475     1.475 r  i_xlnx_clk_gen/inst/clkin1_ibufg/O
                         net (fo=1, unplaced)         0.584     2.059    i_xlnx_clk_gen/inst/clk_in1_xlnx_clk_gen
                         MMCME2_ADV (Prop_mmcme2_adv_CLKIN1_CLKOUT0)
                                                     -5.113    -3.054 r  i_xlnx_clk_gen/inst/mmcm_adv_inst/CLKOUT0
                         net (fo=1, unplaced)         0.800    -2.254    i_xlnx_clk_gen/inst/clk_out1_xlnx_clk_gen
                         BUFG (Prop_bufg_I_O)         0.101    -2.153 r  i_xlnx_clk_gen/inst/clkout1_buf/O
                         net (fo=21047, unplaced)     0.584    -1.569    i_ariane/i_cva6/issue_stage_i/i_issue_read_operands/clk_out1
                         FDCE                                         r  i_ariane/i_cva6/issue_stage_i/i_issue_read_operands/cvxif_valid_q_reg/C
  -------------------------------------------------------------------    -------------------
                         FDCE (Prop_fdce_C_Q)         0.478    -1.091 r  i_ariane/i_cva6/issue_stage_i/i_issue_read_operands/cvxif_valid_q_reg/Q
                         net (fo=609, unplaced)       0.881    -0.210    i_ariane/i_cva6/issue_stage_i/i_issue_read_operands/cvxif_valid_q_reg_0
                         LUT5 (Prop_lut5_I2_O)        0.295     0.085 r  i_ariane/i_cva6/issue_stage_i/i_issue_read_operands/issue_block_cnt_q[4]_i_3/O
                         net (fo=8, unplaced)         0.487     0.572    i_ariane/i_cva6/issue_stage_i/i_issue_read_operands/issue_block_cnt_q[4]_i_3_n_1
                         LUT6 (Prop_lut6_I1_O)        0.124     0.696 r  i_ariane/i_cva6/issue_stage_i/i_issue_read_operands/issue_block_cnt_q[4]_i_1/O
                         net (fo=13, unplaced)        0.499     1.195    i_ariane/gen_example_coprocessor.i_cvxif_coprocessor/fifo_commit_i/instr_push
                         LUT5 (Prop_lut5_I3_O)        0.124     1.319 r  i_ariane/gen_example_coprocessor.i_cvxif_coprocessor/fifo_commit_i/input_buffer[50][31]_i_12/O
                         net (fo=107, unplaced)       0.550     1.869    i_ariane/i_cva6/issue_stage_i/i_issue_read_operands/input_buffer_reg[5][18]
                         LUT4 (Prop_lut4_I2_O)        0.124     1.993 r  i_ariane/i_cva6/issue_stage_i/i_issue_read_operands/input_buffer[97][18]_i_3/O
                         net (fo=17, unplaced)        0.958     2.951    i_ariane/gen_example_coprocessor.i_cvxif_coprocessor/fifo_commit_i/gen_fpga_queue.fifo_ram/req_o[req][rs][6]_150[18]
                         LUT3 (Prop_lut3_I0_O)        0.124     3.075 r  i_ariane/gen_example_coprocessor.i_cvxif_coprocessor/fifo_commit_i/gen_fpga_queue.fifo_ram/acc_q[15]_i_310/O
                         net (fo=15, unplaced)        0.955     4.030    i_ariane/i_cva6/issue_stage_i/i_issue_read_operands/acc_q_reg[23]_i_198_1
                         LUT6 (Prop_lut6_I1_O)        0.124     4.154 r  i_ariane/i_cva6/issue_stage_i/i_issue_read_operands/acc_q[15]_i_150/O
                         net (fo=1, unplaced)         0.473     4.627    i_ariane/i_cva6/issue_stage_i/i_issue_read_operands/acc_q[15]_i_150_n_1
                         CARRY4 (Prop_carry4_DI[3]_CO[3])
                                                      0.396     5.023 r  i_ariane/i_cva6/issue_stage_i/i_issue_read_operands/acc_q_reg[15]_i_119/CO[3]
                         net (fo=1, unplaced)         0.009     5.032    i_ariane/i_cva6/issue_stage_i/i_issue_read_operands/acc_q_reg[15]_i_119_n_1
                         CARRY4 (Prop_carry4_CI_O[1])
                                                      0.337     5.369 r  i_ariane/i_cva6/issue_stage_i/i_issue_read_operands/acc_q_reg[23]_i_199/O[1]
                         net (fo=2, unplaced)         0.622     5.991    i_ariane/i_cva6/issue_stage_i/i_issue_read_operands/acc_q_reg[23]_i_199_n_7
                         LUT3 (Prop_lut3_I1_O)        0.306     6.297 r  i_ariane/i_cva6/issue_stage_i/i_issue_read_operands/acc_q[23]_i_86/O
                         net (fo=2, unplaced)         0.650     6.947    i_ariane/i_cva6/issue_stage_i/i_issue_read_operands/acc_q[23]_i_86_n_1
                         CARRY4 (Prop_carry4_DI[1]_CO[3])
                                                      0.520     7.467 r  i_ariane/i_cva6/issue_stage_i/i_issue_read_operands/acc_q_reg[23]_i_67/CO[3]
                         net (fo=1, unplaced)         0.000     7.467    i_ariane/i_cva6/issue_stage_i/i_issue_read_operands/acc_q_reg[23]_i_67_n_1
                         CARRY4 (Prop_carry4_CI_O[0])
                                                      0.232     7.699 r  i_ariane/i_cva6/issue_stage_i/i_issue_read_operands/acc_q_reg[31]_i_110/O[0]
                         net (fo=2, unplaced)         0.752     8.451    i_ariane/i_cva6/issue_stage_i/i_issue_read_operands/acc_q_reg[31]_i_110_n_8
                         LUT3 (Prop_lut3_I0_O)        0.295     8.746 r  i_ariane/i_cva6/issue_stage_i/i_issue_read_operands/acc_q[23]_i_31/O
                         net (fo=2, unplaced)         0.650     9.396    i_ariane/i_cva6/issue_stage_i/i_issue_read_operands/acc_q[23]_i_31_n_1
                         CARRY4 (Prop_carry4_DI[1]_CO[3])
                                                      0.520     9.916 r  i_ariane/i_cva6/issue_stage_i/i_issue_read_operands/acc_q_reg[23]_i_24/CO[3]
                         net (fo=1, unplaced)         0.000     9.916    i_ariane/i_cva6/issue_stage_i/i_issue_read_operands/acc_q_reg[23]_i_24_n_1
                         CARRY4 (Prop_carry4_CI_O[0])
                                                      0.232    10.148 r  i_ariane/i_cva6/issue_stage_i/i_issue_read_operands/acc_q_reg[31]_i_41/O[0]
                         net (fo=2, unplaced)         0.752    10.900    i_ariane/i_cva6/issue_stage_i/i_issue_read_operands/acc_q_reg[31]_i_41_n_8
                         LUT3 (Prop_lut3_I0_O)        0.295    11.195 r  i_ariane/i_cva6/issue_stage_i/i_issue_read_operands/acc_q[23]_i_13/O
                         net (fo=2, unplaced)         0.650    11.845    i_ariane/i_cva6/issue_stage_i/i_issue_read_operands/acc_q[23]_i_13_n_1
                         CARRY4 (Prop_carry4_DI[1]_CO[3])
                                                      0.520    12.365 r  i_ariane/i_cva6/issue_stage_i/i_issue_read_operands/acc_q_reg[23]_i_11/CO[3]
                         net (fo=1, unplaced)         0.000    12.365    i_ariane/i_cva6/issue_stage_i/i_issue_read_operands/acc_q_reg[23]_i_11_n_1
                         CARRY4 (Prop_carry4_CI_CO[3])
                                                      0.117    12.482 r  i_ariane/i_cva6/issue_stage_i/i_issue_read_operands/acc_q_reg[27]_i_11/CO[3]
                         net (fo=1, unplaced)         0.000    12.482    i_ariane/i_cva6/issue_stage_i/i_issue_read_operands/acc_q_reg[27]_i_11_n_1
                         CARRY4 (Prop_carry4_CI_O[1])
                                                      0.337    12.819 r  i_ariane/i_cva6/issue_stage_i/i_issue_read_operands/acc_q_reg[31]_i_17/O[1]
                         net (fo=2, unplaced)         0.622    13.441    i_ariane/i_cva6/issue_stage_i/i_issue_read_operands/acc_q_reg[31]_i_17_n_7
                         LUT3 (Prop_lut3_I0_O)        0.306    13.747 r  i_ariane/i_cva6/issue_stage_i/i_issue_read_operands/acc_q[27]_i_4/O
                         net (fo=2, unplaced)         0.460    14.207    i_ariane/i_cva6/issue_stage_i/i_issue_read_operands/acc_q[27]_i_4_n_1
                         LUT4 (Prop_lut4_I3_O)        0.124    14.331 r  i_ariane/i_cva6/issue_stage_i/i_issue_read_operands/acc_q[27]_i_8/O
                         net (fo=1, unplaced)         0.000    14.331    i_ariane/i_cva6/issue_stage_i/i_issue_read_operands/acc_q[27]_i_8_n_1
                         CARRY4 (Prop_carry4_S[2]_CO[3])
                                                      0.380    14.711 r  i_ariane/i_cva6/issue_stage_i/i_issue_read_operands/acc_q_reg[27]_i_2/CO[3]
                         net (fo=1, unplaced)         0.000    14.711    i_ariane/i_cva6/issue_stage_i/i_issue_read_operands/acc_q_reg[27]_i_2_n_1
                         CARRY4 (Prop_carry4_CI_O[3])
                                                      0.331    15.042 r  i_ariane/i_cva6/issue_stage_i/i_issue_read_operands/acc_q_reg[31]_i_6/O[3]
                         net (fo=2, unplaced)         0.629    15.671    i_ariane/gen_example_coprocessor.i_cvxif_coprocessor/fifo_commit_i/gen_fpga_queue.fifo_ram/acc_q_reg[31]_0[3]
                         LUT3 (Prop_lut3_I0_O)        0.299    15.970 r  i_ariane/gen_example_coprocessor.i_cvxif_coprocessor/fifo_commit_i/gen_fpga_queue.fifo_ram/mem_q[0][sbe][result][31]_i_4/O
                         net (fo=5, unplaced)         0.477    16.447    i_ariane/gen_example_coprocessor.i_cvxif_coprocessor/fifo_commit_i/gen_fpga_queue.fifo_ram/mem_q[0][sbe][result][31]_i_8_31
                         LUT2 (Prop_lut2_I1_O)        0.116    16.563 r  i_ariane/gen_example_coprocessor.i_cvxif_coprocessor/fifo_commit_i/gen_fpga_queue.fifo_ram/operand_g_q[31]_i_15/O
                         net (fo=8, unplaced)         0.487    17.050    i_ariane/i_cva6/issue_stage_i/i_scoreboard/x_result_ex_id[31]
                         LUT6 (Prop_lut6_I3_O)        0.124    17.174 r  i_ariane/i_cva6/issue_stage_i/i_scoreboard/vaddr_to_be_flushed[31]_i_8/O
                         net (fo=1, unplaced)         0.449    17.623    i_ariane/i_cva6/issue_stage_i/i_scoreboard/vaddr_to_be_flushed[31]_i_8_n_1
                         LUT6 (Prop_lut6_I3_O)        0.124    17.747 r  i_ariane/i_cva6/issue_stage_i/i_scoreboard/vaddr_to_be_flushed[31]_i_2/O
                         net (fo=1, unplaced)         0.449    18.196    i_ariane/i_cva6/id_stage_i/rs1_sb_iro[26]
                         LUT6 (Prop_lut6_I0_O)        0.124    18.320 r  i_ariane/i_cva6/id_stage_i/vaddr_to_be_flushed[31]_i_1/O
                         net (fo=2, unplaced)         0.000    18.320    i_ariane/i_cva6/ex_stage_i/vaddr_to_be_flushed_reg[31]_0[31]
                         FDCE                                         r  i_ariane/i_cva6/ex_stage_i/vaddr_to_be_flushed_reg[31]/D
  -------------------------------------------------------------------    -------------------

                         (clock clk_out1_xlnx_clk_gen rise edge)
                                                     20.000    20.000 r  
    K17                                               0.000    20.000 r  clk_sys (IN)
                         net (fo=0)                   0.000    20.000    i_xlnx_clk_gen/inst/clk_in1
    K17                  IBUF (Prop_ibuf_I_O)         1.404    21.404 r  i_xlnx_clk_gen/inst/clkin1_ibufg/O
                         net (fo=1, unplaced)         0.439    21.843    i_xlnx_clk_gen/inst/clk_in1_xlnx_clk_gen
                         MMCME2_ADV (Prop_mmcme2_adv_CLKIN1_CLKOUT0)
                                                     -5.378    16.466 r  i_xlnx_clk_gen/inst/mmcm_adv_inst/CLKOUT0
                         net (fo=1, unplaced)         0.760    17.225    i_xlnx_clk_gen/inst/clk_out1_xlnx_clk_gen
                         BUFG (Prop_bufg_I_O)         0.091    17.316 r  i_xlnx_clk_gen/inst/clkout1_buf/O
                         net (fo=21047, unplaced)     0.439    17.755    i_ariane/i_cva6/ex_stage_i/clk_out1
                         FDCE                                         r  i_ariane/i_cva6/ex_stage_i/vaddr_to_be_flushed_reg[31]/C
                         clock pessimism              0.531    18.286    
                         clock uncertainty           -0.079    18.206    
                         FDCE (Setup_fdce_C_D)        0.044    18.250    i_ariane/i_cva6/ex_stage_i/vaddr_to_be_flushed_reg[31]
  -------------------------------------------------------------------
                         required time                         18.250    
                         arrival time                         -18.320    
  -------------------------------------------------------------------
                         slack                                 -0.069    

Slack (MET) :             5.757ns  (required time - arrival time)
  Source:                 i_dmi_jtag/i_dmi_jtag_tap/td_o_reg/C
                            (rising edge-triggered cell FDCE clocked by tck'  {rise@0.000ns fall@50.000ns period=100.000ns})
  Destination:            tdo
                            (output port clocked by tck  {rise@0.000ns fall@50.000ns period=100.000ns})
  Path Group:             tck
  Path Type:              Max at Slow Process Corner
  Requirement:            20.000ns  (MaxDelay Path 20.000ns)
  Data Path Delay:        5.049ns  (logic 4.249ns (84.161%)  route 0.800ns (15.839%))
  Logic Levels:           1  (OBUF=1)
  Output Delay:           5.000ns
  Clock Path Skew:        -3.693ns (DCD - SCD + CPR)
    Destination Clock Delay (DCD):    0.000ns
    Source Clock Delay      (SCD):    3.693ns
    Clock Pessimism Removal (CPR):    0.000ns
  Clock Uncertainty:      0.501ns  ((TSJ^2 + TIJ^2)^1/2 + DJ) / 2 + PE
    Total System Jitter     (TSJ):    0.071ns
    Total Input Jitter      (TIJ):    1.000ns
    Discrete Jitter          (DJ):    0.000ns
    Phase Error              (PE):    0.000ns
  Timing Exception:       MaxDelay Path 20.000ns

    Location             Delay type                Incr(ns)  Path(ns)    Netlist Resource(s)
  -------------------------------------------------------------------    -------------------
                         (clock tck fall edge)        0.000     0.000 f  
    H15                                               0.000     0.000 f  tck (IN)
                         net (fo=0)                   0.000     0.000    tck
    H15                  IBUF (Prop_ibuf_I_O)         1.500     1.500 f  tck_IBUF_inst/O
                         net (fo=1, unplaced)         0.800     2.300    tck_IBUF
                         BUFG (Prop_bufg_I_O)         0.101     2.401 f  tck_IBUF_BUFG_inst/O
                         net (fo=258, unplaced)       0.584     2.985    tck_IBUF_BUFG
                         LUT1 (Prop_lut1_I0_O)        0.124     3.109 r  td_o_reg_i_2/O
                         net (fo=1, unplaced)         0.584     3.693    i_dmi_jtag/i_dmi_jtag_tap/tck_ni
                         FDCE                                         r  i_dmi_jtag/i_dmi_jtag_tap/td_o_reg/C
  -------------------------------------------------------------------    -------------------
                         FDCE (Prop_fdce_C_Q)         0.518     4.211 r  i_dmi_jtag/i_dmi_jtag_tap/td_o_reg/Q
                         net (fo=1, unplaced)         0.800     5.011    tdo_OBUF
    J15                  OBUF (Prop_obuf_I_O)         3.731     8.742 r  tdo_OBUF_inst/O
                         net (fo=0)                   0.000     8.742    tdo
    J15                                                               r  tdo (OUT)
  -------------------------------------------------------------------    -------------------

                         max delay                   20.000    20.000    
                         clock pessimism              0.000    20.000    
                         clock uncertainty           -0.501    19.499    
                         output delay                -5.000    14.499    
  -------------------------------------------------------------------
                         required time                         14.499    
                         arrival time                          -8.742    
  -------------------------------------------------------------------
                         slack                                  5.757    

Slack (MET) :             17.010ns  (required time - arrival time)
  Source:                 i_axi_dwidth_converter_dm_slave/inst/gen_downsizer.gen_simple_downsizer.axi_downsizer_inst/USE_READ.read_addr_inst/cmd_queue/inst/fifo_gen_inst/inst_fifo_gen/gconvfifo.rf/grf.rf/rstblk/ngwrdrst.grst.g7serrst.gnsckt_wrst.gcc_rst.sckt_wr_rst_cc_reg[1]/C
                            (rising edge-triggered cell FDRE clocked by clk_out1_xlnx_clk_gen  {rise@0.000ns fall@10.000ns period=20.000ns})
  Destination:            i_axi_dwidth_converter_dm_slave/inst/gen_downsizer.gen_simple_downsizer.axi_downsizer_inst/USE_READ.read_addr_inst/cmd_queue/inst/fifo_gen_inst/inst_fifo_gen/gconvfifo.rf/grf.rf/gntv_or_sync_fifo.gl0.rd/gr1.gr1_int.rfwft/aempty_fwft_fb_i_reg/PRE
                            (recovery check against rising-edge clock clk_out1_xlnx_clk_gen  {rise@0.000ns fall@10.000ns period=20.000ns})
  Path Group:             **async_default**
  Path Type:              Recovery (Max at Slow Process Corner)
  Requirement:            20.000ns  (clk_out1_xlnx_clk_gen rise@20.000ns - clk_out1_xlnx_clk_gen rise@0.000ns)
  Data Path Delay:        2.372ns  (logic 0.773ns (32.589%)  route 1.599ns (67.411%))
  Logic Levels:           1  (LUT3=1)
  Clock Path Skew:        -0.145ns (DCD - SCD + CPR)
    Destination Clock Delay (DCD):    -2.245ns = ( 17.755 - 20.000 ) 
    Source Clock Delay      (SCD):    -1.569ns
    Clock Pessimism Removal (CPR):    0.531ns
  Clock Uncertainty:      0.079ns  ((TSJ^2 + DJ^2)^1/2) / 2 + PE
    Total System Jitter     (TSJ):    0.071ns
    Discrete Jitter          (DJ):    0.142ns
    Phase Error              (PE):    0.000ns

    Location             Delay type                Incr(ns)  Path(ns)    Netlist Resource(s)
  -------------------------------------------------------------------    -------------------
                         (clock clk_out1_xlnx_clk_gen rise edge)
                                                      0.000     0.000 r  
    K17                                               0.000     0.000 r  clk_sys (IN)
                         net (fo=0)                   0.000     0.000    i_xlnx_clk_gen/inst/clk_in1
    K17                  IBUF (Prop_ibuf_I_O)         1.475     1.475 r  i_xlnx_clk_gen/inst/clkin1_ibufg/O
                         net (fo=1, unplaced)         0.584     2.059    i_xlnx_clk_gen/inst/clk_in1_xlnx_clk_gen
                         MMCME2_ADV (Prop_mmcme2_adv_CLKIN1_CLKOUT0)
                                                     -5.113    -3.054 r  i_xlnx_clk_gen/inst/mmcm_adv_inst/CLKOUT0
                         net (fo=1, unplaced)         0.800    -2.254    i_xlnx_clk_gen/inst/clk_out1_xlnx_clk_gen
                         BUFG (Prop_bufg_I_O)         0.101    -2.153 r  i_xlnx_clk_gen/inst/clkout1_buf/O
                         net (fo=21047, unplaced)     0.584    -1.569    i_axi_dwidth_converter_dm_slave/inst/gen_downsizer.gen_simple_downsizer.axi_downsizer_inst/USE_READ.read_addr_inst/cmd_queue/inst/fifo_gen_inst/inst_fifo_gen/gconvfifo.rf/grf.rf/rstblk/clk
                         FDRE                                         r  i_axi_dwidth_converter_dm_slave/inst/gen_downsizer.gen_simple_downsizer.axi_downsizer_inst/USE_READ.read_addr_inst/cmd_queue/inst/fifo_gen_inst/inst_fifo_gen/gconvfifo.rf/grf.rf/rstblk/ngwrdrst.grst.g7serrst.gnsckt_wrst.gcc_rst.sckt_wr_rst_cc_reg[1]/C
  -------------------------------------------------------------------    -------------------
                         FDRE (Prop_fdre_C_Q)         0.478    -1.091 f  i_axi_dwidth_converter_dm_slave/inst/gen_downsizer.gen_simple_downsizer.axi_downsizer_inst/USE_READ.read_addr_inst/cmd_queue/inst/fifo_gen_inst/inst_fifo_gen/gconvfifo.rf/grf.rf/rstblk/ngwrdrst.grst.g7serrst.gnsckt_wrst.gcc_rst.sckt_wr_rst_cc_reg[1]/Q
                         net (fo=2, unplaced)         0.752    -0.339    i_axi_dwidth_converter_dm_slave/inst/gen_downsizer.gen_simple_downsizer.axi_downsizer_inst/USE_READ.read_addr_inst/cmd_queue/inst/fifo_gen_inst/inst_fifo_gen/gconvfifo.rf/grf.rf/rstblk/ngwrdrst.grst.g7serrst.gnsckt_wrst.gcc_rst.sckt_wr_rst_cc[1]
                         LUT3 (Prop_lut3_I0_O)        0.295    -0.044 f  i_axi_dwidth_converter_dm_slave/inst/gen_downsizer.gen_simple_downsizer.axi_downsizer_inst/USE_READ.read_addr_inst/cmd_queue/inst/fifo_gen_inst/inst_fifo_gen/gconvfifo.rf/grf.rf/rstblk/gpregsm1.curr_fwft_state[1]_i_2/O
                         net (fo=32, unplaced)        0.847     0.803    i_axi_dwidth_converter_dm_slave/inst/gen_downsizer.gen_simple_downsizer.axi_downsizer_inst/USE_READ.read_addr_inst/cmd_queue/inst/fifo_gen_inst/inst_fifo_gen/gconvfifo.rf/grf.rf/gntv_or_sync_fifo.gl0.rd/gr1.gr1_int.rfwft/gpregsm1.user_valid_reg_0
                         FDPE                                         f  i_axi_dwidth_converter_dm_slave/inst/gen_downsizer.gen_simple_downsizer.axi_downsizer_inst/USE_READ.read_addr_inst/cmd_queue/inst/fifo_gen_inst/inst_fifo_gen/gconvfifo.rf/grf.rf/gntv_or_sync_fifo.gl0.rd/gr1.gr1_int.rfwft/aempty_fwft_fb_i_reg/PRE
  -------------------------------------------------------------------    -------------------

                         (clock clk_out1_xlnx_clk_gen rise edge)
                                                     20.000    20.000 r  
    K17                                               0.000    20.000 r  clk_sys (IN)
                         net (fo=0)                   0.000    20.000    i_xlnx_clk_gen/inst/clk_in1
    K17                  IBUF (Prop_ibuf_I_O)         1.404    21.404 r  i_xlnx_clk_gen/inst/clkin1_ibufg/O
                         net (fo=1, unplaced)         0.439    21.843    i_xlnx_clk_gen/inst/clk_in1_xlnx_clk_gen
                         MMCME2_ADV (Prop_mmcme2_adv_CLKIN1_CLKOUT0)
                                                     -5.378    16.466 r  i_xlnx_clk_gen/inst/mmcm_adv_inst/CLKOUT0
                         net (fo=1, unplaced)         0.760    17.225    i_xlnx_clk_gen/inst/clk_out1_xlnx_clk_gen
                         BUFG (Prop_bufg_I_O)         0.091    17.316 r  i_xlnx_clk_gen/inst/clkout1_buf/O
                         net (fo=21047, unplaced)     0.439    17.755    i_axi_dwidth_converter_dm_slave/inst/gen_downsizer.gen_simple_downsizer.axi_downsizer_inst/USE_READ.read_addr_inst/cmd_queue/inst/fifo_gen_inst/inst_fifo_gen/gconvfifo.rf/grf.rf/gntv_or_sync_fifo.gl0.rd/gr1.gr1_int.rfwft/clk
                         FDPE                                         r  i_axi_dwidth_converter_dm_slave/inst/gen_downsizer.gen_simple_downsizer.axi_downsizer_inst/USE_READ.read_addr_inst/cmd_queue/inst/fifo_gen_inst/inst_fifo_gen/gconvfifo.rf/grf.rf/gntv_or_sync_fifo.gl0.rd/gr1.gr1_int.rfwft/aempty_fwft_fb_i_reg/C
                         clock pessimism              0.531    18.286    
                         clock uncertainty           -0.079    18.206    
                         FDPE (Recov_fdpe_C_PRE)     -0.394    17.812    i_axi_dwidth_converter_dm_slave/inst/gen_downsizer.gen_simple_downsizer.axi_downsizer_inst/USE_READ.read_addr_inst/cmd_queue/inst/fifo_gen_inst/inst_fifo_gen/gconvfifo.rf/grf.rf/gntv_or_sync_fifo.gl0.rd/gr1.gr1_int.rfwft/aempty_fwft_fb_i_reg
  -------------------------------------------------------------------
                         required time                         17.812    
                         arrival time                          -0.803    
  -------------------------------------------------------------------
                         slack                                 17.010    




